warning: invalid suppression of `unowned_function`
  --> $DIR/ownership_suppression.rs:3:4
   |
LL | #![expect(unowned_function, reason = "FFI boundary: blanket crate exception")]
   |    ^^^^^^
   |
   = help: expectations must be on an authored free function requiring a boundary exception
   = note: requested on the command line with `-W invalid-unowned-function-suppression`

warning: invalid suppression of `unowned_function`
  --> $DIR/ownership_suppression.rs:5:3
   |
LL | #[expect(
   |   ^^^^^^
   |
   = help: expectations must be on an authored free function requiring a boundary exception

warning: invalid suppression of `unowned_function`
  --> $DIR/ownership_suppression.rs:12:3
   |
LL | #[expect(unowned_function, reason = "FFI boundary: a type is not a callback")]
   |   ^^^^^^
   |
   = help: expectations must be on an authored free function requiring a boundary exception

warning: invalid suppression of `unowned_function`
  --> $DIR/ownership_suppression.rs:15:7
   |
LL |     #[expect(
   |       ^^^^^^
   |
   = help: expectations must be on an authored free function requiring a boundary exception

warning: invalid suppression of `unowned_function`
  --> $DIR/ownership_suppression.rs:21:3
   |
LL | #[expect(unowned_function)]
   |   ^^^^^^
   |
   = help: a nonempty boundary reason must be present

warning: invalid suppression of `unowned_function`
  --> $DIR/ownership_suppression.rs:23:3
   |
LL | #[expect(unowned_function, reason = "FFI boundary:   ")]
   |   ^^^^^^
   |
   = help: reason must name a concrete `FFI boundary:` or `framework boundary:`

warning: invalid suppression of `unowned_function`
  --> $DIR/ownership_suppression.rs:25:3
   |
LL | #[expect(unowned_function, reason = "domain boundary: utility convenience")]
   |   ^^^^^^
   |
   = help: reason must name a concrete `FFI boundary:` or `framework boundary:`

warning: invalid suppression of `unowned_function`
  --> $DIR/ownership_suppression.rs:27:3
   |
LL | #[allow(unowned_function, reason = "FFI boundary: use a checked expectation")]
   |   ^^^^^
   |
   = help: use `expect`, not `allow`, for a required standalone callback

warning: invalid suppression of `unowned_function`
  --> $DIR/ownership_suppression.rs:29:3
   |
LL | #[expect(
   |   ^^^^^^
   |
   = help: expectations must be on an authored free function requiring a boundary exception

warning: 9 warnings emitted

