warning: authored function has no struct, enum, or trait owner
  --> $DIR/ownership_fail.rs:4:8
   |
LL | pub fn public_operation() {}
   |        ^^^^^^^^^^^^^^^^
   |
   = help: move the operation to its meaningful owning type; required standalone callbacks need a boundary expectation
   = note: requested on the command line with `-W unowned-function`

warning: authored function has no struct, enum, or trait owner
  --> $DIR/ownership_fail.rs:5:4
   |
LL | fn private_operation() {}
   |    ^^^^^^^^^^^^^^^^^
   |
   = help: move the operation to its meaningful owning type; required standalone callbacks need a boundary expectation

warning: authored function has no struct, enum, or trait owner
  --> $DIR/ownership_fail.rs:7:12
   |
LL |     pub fn main() {}
   |            ^^^^
   |
   = help: move the operation to its meaningful owning type; required standalone callbacks need a boundary expectation

warning: authored function has no struct, enum, or trait owner
  --> $DIR/ownership_fail.rs:8:12
   |
LL |     pub fn test_helper() {}
   |            ^^^^^^^^^^^
   |
   = help: move the operation to its meaningful owning type; required standalone callbacks need a boundary expectation

warning: authored function has no struct, enum, or trait owner
  --> $DIR/ownership_fail.rs:13:12
   |
LL |         fn nested_operation() {}
   |            ^^^^^^^^^^^^^^^^
   |
   = help: move the operation to its meaningful owning type; required standalone callbacks need a boundary expectation

warning: 5 warnings emitted

