warning: invalid suppression of `raw_numeric_public_api`
  --> $DIR/suppression_fail.rs:2:4
   |
LL | #![expect(
   |    ^^^^^^
   |
   = help: crate, module, type, variant, and other blanket expectations are forbidden
   = note: requested on the command line with `-W invalid-raw-numeric-api-suppression`

warning: invalid suppression of `raw_numeric_public_api`
  --> $DIR/suppression_fail.rs:9:3
   |
LL | #[expect(
   |   ^^^^^^
   |
   = help: crate, module, type, variant, and other blanket expectations are forbidden

warning: invalid suppression of `raw_numeric_public_api`
  --> $DIR/suppression_fail.rs:17:3
   |
LL | #[expect(raw_numeric_public_api)]
   |   ^^^^^^
   |
   = help: a nonempty boundary reason is required

warning: invalid suppression of `raw_numeric_public_api`
  --> $DIR/suppression_fail.rs:20:3
   |
LL | #[expect(
   |   ^^^^^^
   |
   = help: reason must identify exactly a serialization, database, or FFI boundary

warning: invalid suppression of `raw_numeric_public_api`
  --> $DIR/suppression_fail.rs:26:3
   |
LL | #[allow(
   |   ^^^^^
   |
   = help: use `expect`, not `allow`, for a reviewed boundary exception

warning: 5 warnings emitted
